// Jest Snapshot v1, https://goo.gl/fbAQLP

exports[`renders app without crashing 1`] = `
<div>
  <main
    class="sc-bdfBwQ jxFRdx"
  >
    <section
      class="sc-gsTCUz jsJSrw"
    >
      <div
        class="sc-dlfnbm kRCrbd"
      >
        <div
          class="sc-hKgILt jcqvaS"
        >
          <svg>
            JaliscoLogo.svg
          </svg>
        </div>
        <h1
          class="sc-eCssSg eyaFWe"
        >
          Sistema de captura.
          <br />
          Encuestas dengue
        </h1>
        <nav
          class="sc-gKsewC bSRgLv"
        >
          <div
            class="sc-iBPRYJ hJGmTx"
          >
            <svg>
              home.svg
            </svg>
          </div>
          |
          <div
            class="sc-fubCfw dVluc"
          >
            Encuestas
          </div>
        </nav>
      </div>
      <div
        class="sc-jSgupP blmpMH"
      />
    </section>
    <section
      class="sc-pFZIQ bKDmeh"
    >
      <section
        class="sc-jrAGrp kVmaIA"
      >
        <h1
          class="sc-kEjbxe diYCuS"
        >
          Inicio
        </h1>
        <section
          class="sc-iqHYGH cKJtCJ"
        >
          <button
            class="sc-kstrdz jlldQO"
          >
            Capturar encuesta
            <div
              class="sc-crrsfI jIJTqt"
            >
              <svg>
                NewTrans.svg
              </svg>
            </div>
          </button>
          <button
            class="sc-kstrdz jlldQO"
          >
            Continuar encuesta
            <div
              class="sc-crrsfI jIJTqt"
            >
              <svg>
                ContTrans.svg
              </svg>
            </div>
          </button>
          <button
            class="sc-kstrdz jlldQO"
          >
            Exportar encuestas
            <div
              class="sc-crrsfI jIJTqt"
            >
              <svg>
                xls.svg
              </svg>
            </div>
          </button>
        </section>
      </section>
      <footer
        class="sc-dQppl nOcRQ"
      >
        <small
          class="sc-bqyKva"
        >
          Creado y diseñado por LESN. 2021 Todos los derechos reservados.
        </small>
      </footer>
    </section>
  </main>
</div>
`;
